../Core/Src/main.c:88:6:Draw_celsius	16	static
../Core/Src/main.c:97:7:get_week_str	16	static
../Core/Src/main.c:137:6:DisplayTimeandTemp	24	static
../Core/Src/main.c:182:5:main	16	static
../Core/Src/main.c:245:6:SystemClock_Config	72	static
../Core/Src/main.c:282:13:MX_I2C1_Init	8	static
../Core/Src/main.c:316:13:MX_I2C2_Init	8	static
../Core/Src/main.c:350:13:MX_USART1_UART_Init	8	static
../Core/Src/main.c:383:13:MX_GPIO_Init	40	static
../Core/Src/main.c:421:6:HAL_GPIO_EXTI_Callback	16	static
../Core/Src/main.c:450:6:HAL_TIM_PeriodElapsedCallback	16	static
../Core/Src/main.c:468:6:Error_Handler	4	static,ignoring_inline_asm
